// Jest Snapshot v1, https://goo.gl/fbAQLP

exports[`IsolateSerializer serialize Should produce serialized dump 1`] = `"{"C":[{"D":{"some_data":true},"$":"UChild_1"},{"$":"UChild_2"},{"$":"UChild_3"}],"D":{"some_data":true},"$":"URoot"}"`;
