// Jest Snapshot v1, https://goo.gl/fbAQLP

exports[`SuiteSerializer Should produce a valid serialized dump 1`] = `"{"C":[{"$":"Focused","D":{"focusMode":0,"match":["field_1"],"matchAll":false},"S":"DONE"},{"$":"Test","D":{"severity":"error","fieldName":"field_1","message":"field_1_message"},"S":"FAILED"},{"$":"Test","D":{"severity":"error","fieldName":"field_2","message":"field_2_message"},"S":"SKIPPED"},{"C":[{"$":"Test","D":{"severity":"error","fieldName":"field_3","groupName":"group_1","message":"field_3_message_1"},"S":"SKIPPED"},{"$":"Test","D":{"severity":"error","fieldName":"field_3","groupName":"group_1","message":"field_3_message_2"},"S":"SKIPPED"},{"$":"Test","D":{"severity":"error","fieldName":"field_4","groupName":"group_1","message":"field_4_message"},"S":"SKIPPED"}],"$":"Group","D":{},"S":"DONE"},{"C":[{"$":"Test","D":{"severity":"error","fieldName":"field_5","message":"field_5_message"},"S":"SKIPPED"}],"$":"SkipWhen","D":{},"S":"DONE"}],"$":"Suite","D":{"optional":{}},"S":"DONE"}"`;
